2026-06-08 17:25:01 | INFO     | 开始模型训练
2026-06-08 17:25:01 | INFO     | 	> 模型名称: lgb
2026-06-08 17:25:01 | INFO     | 	> 模型调参方式: bys
2026-06-08 17:25:01 | INFO     | 	> 模型参数范围为: {'n_estimators': [100, 200, 300, 400, 500], 'learning_rate': [0.005, 0.01, 0.05, 0.1, 0.2], 'max_depth': [3, 4, 5, 6, 7], 'min_child_samples': [20, 50, 100, 150, 200], 'subsample': [0.6, 0.7, 0.8, 0.9, 1.0], 'colsample_bytree': [0.6, 0.7, 0.8, 0.9, 1.0], 'reg_alpha': [0, 1, 5, 10, 20], 'reg_lambda': [0, 1, 5, 10], 'max_bin': [100, 150, 200, 250, 300]}
2026-06-08 17:25:01 | INFO     | 	> 入模变量数量为: 19
2026-06-08 17:25:01 | INFO     | 贝叶斯优化：共 10 轮迭代，搜索空间: ['n_estimators_idx', 'learning_rate_idx', 'max_depth_idx', 'min_child_samples_idx', 'subsample_idx', 'colsample_bytree_idx', 'reg_alpha_idx', 'reg_lambda_idx', 'max_bin_idx']

2026-06-08 17:25:01 | INFO     | 第 1 次贝叶斯目标优化
2026-06-08 17:25:04 | INFO     | ============================================================
2026-06-08 17:25:04 | INFO     | 参数配置:
2026-06-08 17:25:04 | INFO     |    n_estimators: 200
2026-06-08 17:25:04 | INFO     |    learning_rate: 0.2
2026-06-08 17:25:04 | INFO     |    max_depth: 5
2026-06-08 17:25:04 | INFO     |    min_child_samples: 50
2026-06-08 17:25:04 | INFO     |    subsample: 0.8
2026-06-08 17:25:04 | INFO     |    colsample_bytree: 0.7
2026-06-08 17:25:04 | INFO     |    reg_alpha: 0
2026-06-08 17:25:04 | INFO     |    reg_lambda: 10
2026-06-08 17:25:04 | INFO     |    max_bin: 250
2026-06-08 17:25:04 | INFO     | 模型表现:
2026-06-08 17:25:04 | WARNING  |    模型出现过拟合，惩罚得分: 0.1187
2026-06-08 17:25:04 | INFO     |    训练集 KS: 0.379   |  AUC: 0.764
2026-06-08 17:25:04 | INFO     |    测试集 KS: 0.191   |  AUC: 0.629
2026-06-08 17:25:04 | INFO     |    验证集 KS: 0.178   |  AUC: 0.613
2026-06-08 17:25:04 | INFO     |    train_test_psi: 0.0004
2026-06-08 17:25:04 | INFO     |    train_vldt_psi: 0.0262
2026-06-08 17:25:04 | INFO     |    train_test_vldt_psi: 0.0254
2026-06-08 17:25:04 | INFO     | ============================================================


2026-06-08 17:25:04 | INFO     | 第 2 次贝叶斯目标优化
2026-06-08 17:25:09 | INFO     | ============================================================
2026-06-08 17:25:09 | INFO     | 参数配置:
2026-06-08 17:25:09 | INFO     |    n_estimators: 200
2026-06-08 17:25:09 | INFO     |    learning_rate: 0.005
2026-06-08 17:25:09 | INFO     |    max_depth: 6
2026-06-08 17:25:09 | INFO     |    min_child_samples: 50
2026-06-08 17:25:09 | INFO     |    subsample: 0.8
2026-06-08 17:25:09 | INFO     |    colsample_bytree: 0.9
2026-06-08 17:25:09 | INFO     |    reg_alpha: 1
2026-06-08 17:25:09 | INFO     |    reg_lambda: 1
2026-06-08 17:25:09 | INFO     |    max_bin: 300
2026-06-08 17:25:09 | INFO     | 模型表现:
2026-06-08 17:25:09 | INFO     |    训练集 KS: 0.216   |  AUC: 0.649
2026-06-08 17:25:09 | INFO     |    测试集 KS: 0.199   |  AUC: 0.632
2026-06-08 17:25:09 | INFO     |    验证集 KS: 0.199   |  AUC: 0.612
2026-06-08 17:25:09 | INFO     |    train_test_psi: 0.0000
2026-06-08 17:25:09 | INFO     |    train_vldt_psi: 0.0011
2026-06-08 17:25:09 | INFO     |    train_test_vldt_psi: 0.0010
2026-06-08 17:25:09 | INFO     | ============================================================


2026-06-08 17:25:09 | INFO     | 第 3 次贝叶斯目标优化
2026-06-08 17:25:14 | INFO     | ============================================================
2026-06-08 17:25:14 | INFO     | 参数配置:
2026-06-08 17:25:14 | INFO     |    n_estimators: 200
2026-06-08 17:25:14 | INFO     |    learning_rate: 0.05
2026-06-08 17:25:14 | INFO     |    max_depth: 5
2026-06-08 17:25:14 | INFO     |    min_child_samples: 20
2026-06-08 17:25:14 | INFO     |    subsample: 0.8
2026-06-08 17:25:14 | INFO     |    colsample_bytree: 1.0
2026-06-08 17:25:14 | INFO     |    reg_alpha: 10
2026-06-08 17:25:14 | INFO     |    reg_lambda: 10
2026-06-08 17:25:14 | INFO     |    max_bin: 300
2026-06-08 17:25:14 | INFO     | 模型表现:
2026-06-08 17:25:14 | WARNING  |    模型出现过拟合，惩罚得分: 0.1199
2026-06-08 17:25:14 | INFO     |    训练集 KS: 0.264   |  AUC: 0.684
2026-06-08 17:25:14 | INFO     |    测试集 KS: 0.210   |  AUC: 0.637
2026-06-08 17:25:14 | INFO     |    验证集 KS: 0.181   |  AUC: 0.609
2026-06-08 17:25:14 | INFO     |    train_test_psi: 0.0001
2026-06-08 17:25:14 | INFO     |    train_vldt_psi: 0.0085
2026-06-08 17:25:14 | INFO     |    train_test_vldt_psi: 0.0083
2026-06-08 17:25:14 | INFO     | ============================================================


2026-06-08 17:25:14 | INFO     | 第 4 次贝叶斯目标优化
2026-06-08 17:25:17 | INFO     | ============================================================
2026-06-08 17:25:17 | INFO     | 参数配置:
2026-06-08 17:25:17 | INFO     |    n_estimators: 300
2026-06-08 17:25:17 | INFO     |    learning_rate: 0.1
2026-06-08 17:25:17 | INFO     |    max_depth: 3
2026-06-08 17:25:17 | INFO     |    min_child_samples: 50
2026-06-08 17:25:17 | INFO     |    subsample: 0.7
2026-06-08 17:25:17 | INFO     |    colsample_bytree: 0.9
2026-06-08 17:25:17 | INFO     |    reg_alpha: 0
2026-06-08 17:25:17 | INFO     |    reg_lambda: 10
2026-06-08 17:25:17 | INFO     |    max_bin: 250
2026-06-08 17:25:17 | INFO     | 模型表现:
2026-06-08 17:25:17 | WARNING  |    模型出现过拟合，惩罚得分: 0.1096
2026-06-08 17:25:17 | INFO     |    训练集 KS: 0.244   |  AUC: 0.673
2026-06-08 17:25:17 | INFO     |    测试集 KS: 0.204   |  AUC: 0.636
2026-06-08 17:25:17 | INFO     |    验证集 KS: 0.161   |  AUC: 0.602
2026-06-08 17:25:17 | INFO     |    train_test_psi: 0.0000
2026-06-08 17:25:17 | INFO     |    train_vldt_psi: 0.0093
2026-06-08 17:25:17 | INFO     |    train_test_vldt_psi: 0.0092
2026-06-08 17:25:17 | INFO     | ============================================================


2026-06-08 17:25:18 | INFO     | 第 5 次贝叶斯目标优化
2026-06-08 17:25:23 | INFO     | ============================================================
2026-06-08 17:25:23 | INFO     | 参数配置:
2026-06-08 17:25:23 | INFO     |    n_estimators: 200
2026-06-08 17:25:23 | INFO     |    learning_rate: 0.005
2026-06-08 17:25:23 | INFO     |    max_depth: 7
2026-06-08 17:25:23 | INFO     |    min_child_samples: 50
2026-06-08 17:25:23 | INFO     |    subsample: 0.8
2026-06-08 17:25:23 | INFO     |    colsample_bytree: 0.9
2026-06-08 17:25:23 | INFO     |    reg_alpha: 0
2026-06-08 17:25:23 | INFO     |    reg_lambda: 0
2026-06-08 17:25:23 | INFO     |    max_bin: 300
2026-06-08 17:25:23 | INFO     | 模型表现:
2026-06-08 17:25:23 | INFO     |    训练集 KS: 0.217   |  AUC: 0.651
2026-06-08 17:25:23 | INFO     |    测试集 KS: 0.201   |  AUC: 0.632
2026-06-08 17:25:23 | INFO     |    验证集 KS: 0.204   |  AUC: 0.615
2026-06-08 17:25:23 | INFO     |    train_test_psi: 0.0001
2026-06-08 17:25:23 | INFO     |    train_vldt_psi: 0.0014
2026-06-08 17:25:23 | INFO     |    train_test_vldt_psi: 0.0013
2026-06-08 17:25:23 | INFO     | ============================================================


2026-06-08 17:25:23 | INFO     | 第 6 次贝叶斯目标优化
2026-06-08 17:25:26 | INFO     | ============================================================
2026-06-08 17:25:26 | INFO     | 参数配置:
2026-06-08 17:25:26 | INFO     |    n_estimators: 100
2026-06-08 17:25:26 | INFO     |    learning_rate: 0.005
2026-06-08 17:25:26 | INFO     |    max_depth: 7
2026-06-08 17:25:26 | INFO     |    min_child_samples: 200
2026-06-08 17:25:26 | INFO     |    subsample: 1.0
2026-06-08 17:25:26 | INFO     |    colsample_bytree: 0.7
2026-06-08 17:25:26 | INFO     |    reg_alpha: 5
2026-06-08 17:25:26 | INFO     |    reg_lambda: 0
2026-06-08 17:25:26 | INFO     |    max_bin: 300
2026-06-08 17:25:26 | INFO     | 模型表现:
2026-06-08 17:25:26 | INFO     |    训练集 KS: 0.209   |  AUC: 0.644
2026-06-08 17:25:26 | INFO     |    测试集 KS: 0.201   |  AUC: 0.631
2026-06-08 17:25:26 | INFO     |    验证集 KS: 0.196   |  AUC: 0.617
2026-06-08 17:25:26 | INFO     |    train_test_psi: 0.0000
2026-06-08 17:25:26 | INFO     |    train_vldt_psi: 0.0000
2026-06-08 17:25:26 | INFO     |    train_test_vldt_psi: 0.0000
2026-06-08 17:25:26 | INFO     | ============================================================


2026-06-08 17:25:26 | INFO     | 第 7 次贝叶斯目标优化
2026-06-08 17:25:37 | INFO     | ============================================================
2026-06-08 17:25:37 | INFO     | 参数配置:
2026-06-08 17:25:37 | INFO     |    n_estimators: 500
2026-06-08 17:25:37 | INFO     |    learning_rate: 0.005
2026-06-08 17:25:37 | INFO     |    max_depth: 7
2026-06-08 17:25:37 | INFO     |    min_child_samples: 200
2026-06-08 17:25:37 | INFO     |    subsample: 1.0
2026-06-08 17:25:37 | INFO     |    colsample_bytree: 1.0
2026-06-08 17:25:37 | INFO     |    reg_alpha: 0
2026-06-08 17:25:37 | INFO     |    reg_lambda: 0
2026-06-08 17:25:37 | INFO     |    max_bin: 300
2026-06-08 17:25:37 | INFO     | 模型表现:
2026-06-08 17:25:37 | WARNING  |    模型出现过拟合，惩罚得分: 0.1242
2026-06-08 17:25:37 | INFO     |    训练集 KS: 0.241   |  AUC: 0.667
2026-06-08 17:25:37 | INFO     |    测试集 KS: 0.203   |  AUC: 0.635
2026-06-08 17:25:37 | INFO     |    验证集 KS: 0.189   |  AUC: 0.610
2026-06-08 17:25:37 | INFO     |    train_test_psi: 0.0001
2026-06-08 17:25:37 | INFO     |    train_vldt_psi: 0.0014
2026-06-08 17:25:37 | INFO     |    train_test_vldt_psi: 0.0013
2026-06-08 17:25:37 | INFO     | ============================================================


2026-06-08 17:25:37 | INFO     | 第 8 次贝叶斯目标优化
2026-06-08 17:25:40 | INFO     | ============================================================
2026-06-08 17:25:40 | INFO     | 参数配置:
2026-06-08 17:25:40 | INFO     |    n_estimators: 100
2026-06-08 17:25:40 | INFO     |    learning_rate: 0.005
2026-06-08 17:25:40 | INFO     |    max_depth: 7
2026-06-08 17:25:40 | INFO     |    min_child_samples: 50
2026-06-08 17:25:40 | INFO     |    subsample: 0.7
2026-06-08 17:25:40 | INFO     |    colsample_bytree: 0.6
2026-06-08 17:25:40 | INFO     |    reg_alpha: 10
2026-06-08 17:25:40 | INFO     |    reg_lambda: 0
2026-06-08 17:25:40 | INFO     |    max_bin: 300
2026-06-08 17:25:40 | INFO     | 模型表现:
2026-06-08 17:25:40 | INFO     |    训练集 KS: 0.208   |  AUC: 0.643
2026-06-08 17:25:40 | INFO     |    测试集 KS: 0.197   |  AUC: 0.632
2026-06-08 17:25:40 | INFO     |    验证集 KS: 0.201   |  AUC: 0.617
2026-06-08 17:25:40 | INFO     |    train_test_psi: 0.0000
2026-06-08 17:25:40 | INFO     |    train_vldt_psi: 0.0000
2026-06-08 17:25:40 | INFO     |    train_test_vldt_psi: 0.0000
2026-06-08 17:25:40 | INFO     | ============================================================


2026-06-08 17:25:40 | INFO     | 第 9 次贝叶斯目标优化
2026-06-08 17:25:42 | INFO     | ============================================================
2026-06-08 17:25:42 | INFO     | 参数配置:
2026-06-08 17:25:42 | INFO     |    n_estimators: 100
2026-06-08 17:25:42 | INFO     |    learning_rate: 0.005
2026-06-08 17:25:42 | INFO     |    max_depth: 7
2026-06-08 17:25:42 | INFO     |    min_child_samples: 20
2026-06-08 17:25:42 | INFO     |    subsample: 1.0
2026-06-08 17:25:42 | INFO     |    colsample_bytree: 0.6
2026-06-08 17:25:42 | INFO     |    reg_alpha: 5
2026-06-08 17:25:42 | INFO     |    reg_lambda: 0
2026-06-08 17:25:42 | INFO     |    max_bin: 150
2026-06-08 17:25:42 | INFO     | 模型表现:
2026-06-08 17:25:42 | INFO     |    训练集 KS: 0.208   |  AUC: 0.644
2026-06-08 17:25:42 | INFO     |    测试集 KS: 0.196   |  AUC: 0.633
2026-06-08 17:25:42 | INFO     |    验证集 KS: 0.207   |  AUC: 0.619
2026-06-08 17:25:42 | INFO     |    train_test_psi: 0.0000
2026-06-08 17:25:42 | INFO     |    train_vldt_psi: 0.0010
2026-06-08 17:25:42 | INFO     |    train_test_vldt_psi: 0.0009
2026-06-08 17:25:42 | INFO     | ============================================================


2026-06-08 17:25:43 | INFO     | 第 10 次贝叶斯目标优化
2026-06-08 17:25:45 | INFO     | ============================================================
2026-06-08 17:25:45 | INFO     | 参数配置:
2026-06-08 17:25:45 | INFO     |    n_estimators: 100
2026-06-08 17:25:45 | INFO     |    learning_rate: 0.005
2026-06-08 17:25:45 | INFO     |    max_depth: 7
2026-06-08 17:25:45 | INFO     |    min_child_samples: 200
2026-06-08 17:25:45 | INFO     |    subsample: 0.7
2026-06-08 17:25:45 | INFO     |    colsample_bytree: 0.6
2026-06-08 17:25:45 | INFO     |    reg_alpha: 20
2026-06-08 17:25:45 | INFO     |    reg_lambda: 0
2026-06-08 17:25:45 | INFO     |    max_bin: 100
2026-06-08 17:25:45 | INFO     | 模型表现:
2026-06-08 17:25:45 | INFO     |    训练集 KS: 0.205   |  AUC: 0.641
2026-06-08 17:25:45 | INFO     |    测试集 KS: 0.194   |  AUC: 0.631
2026-06-08 17:25:45 | INFO     |    验证集 KS: 0.204   |  AUC: 0.617
2026-06-08 17:25:45 | INFO     |    train_test_psi: 0.0000
2026-06-08 17:25:45 | INFO     |    train_vldt_psi: 0.0000
2026-06-08 17:25:45 | INFO     |    train_test_vldt_psi: 0.0000
2026-06-08 17:25:45 | INFO     | ============================================================


2026-06-08 17:25:45 | INFO     | 贝叶斯优化完成，最优模型 [0]:
2026-06-08 17:25:45 | INFO     | 	> 目标最优得分: 0.2368
2026-06-08 17:25:45 | INFO     | 	> 最终训练集 KS: 0.208
2026-06-08 17:25:45 | INFO     | 	> 最终测试集 KS: 0.196
2026-06-08 17:25:45 | INFO     | 	> 最终验证集 KS: 0.207
2026-06-08 17:25:45 | INFO     | 模型训练完成!
2026-06-08 17:25:45 | INFO     | 开始模型训练
2026-06-08 17:25:45 | INFO     | 	> 模型名称: lgb
2026-06-08 17:25:45 | INFO     | 	> 模型调参方式: default
2026-06-08 17:25:45 | INFO     | 	> 模型参数范围为: {'n_estimators': 100, 'learning_rate': 0.005, 'max_depth': 7, 'min_child_samples': 20, 'subsample': 1.0, 'colsample_bytree': 0.6, 'reg_alpha': 5, 'reg_lambda': 0, 'max_bin': 150}
2026-06-08 17:25:45 | INFO     | 	> 入模变量数量为: 19
2026-06-08 17:25:48 | INFO     | ============================================================
2026-06-08 17:25:48 | INFO     | 参数配置:
2026-06-08 17:25:48 | INFO     |    n_estimators: 100
2026-06-08 17:25:48 | INFO     |    learning_rate: 0.005
2026-06-08 17:25:48 | INFO     |    max_depth: 7
2026-06-08 17:25:48 | INFO     |    min_child_samples: 20
2026-06-08 17:25:48 | INFO     |    subsample: 1.0
2026-06-08 17:25:48 | INFO     |    colsample_bytree: 0.6
2026-06-08 17:25:48 | INFO     |    reg_alpha: 5
2026-06-08 17:25:48 | INFO     |    reg_lambda: 0
2026-06-08 17:25:48 | INFO     |    max_bin: 150
2026-06-08 17:25:48 | INFO     | 模型表现:
2026-06-08 17:25:48 | INFO     |    训练集 KS: 0.208   |  AUC: 0.644
2026-06-08 17:25:48 | INFO     |    测试集 KS: 0.196   |  AUC: 0.633
2026-06-08 17:25:48 | INFO     |    验证集 KS: 0.207   |  AUC: 0.619
2026-06-08 17:25:48 | INFO     |    train_test_psi: 0.0000
2026-06-08 17:25:48 | INFO     |    train_vldt_psi: 0.0010
2026-06-08 17:25:48 | INFO     |    train_test_vldt_psi: 0.0009
2026-06-08 17:25:48 | INFO     | ============================================================


2026-06-08 17:25:48 | INFO     | 模型训练完成!
2026-06-08 18:02:26 | INFO     | 开始模型训练
2026-06-08 18:02:26 | INFO     | 	> 模型名称: lgb
2026-06-08 18:02:26 | INFO     | 	> 模型调参方式: bys
2026-06-08 18:02:26 | INFO     | 	> 模型参数范围为: {'n_estimators': [100, 200, 300, 400, 500], 'learning_rate': [0.005, 0.01, 0.05, 0.1, 0.2], 'max_depth': [3, 4, 5, 6, 7], 'min_child_samples': [20, 50, 100, 150, 200], 'subsample': [0.6, 0.7, 0.8, 0.9, 1.0], 'colsample_bytree': [0.6, 0.7, 0.8, 0.9, 1.0], 'reg_alpha': [0, 1, 5, 10, 20], 'reg_lambda': [0, 1, 5, 10], 'max_bin': [100, 150, 200, 250, 300]}
2026-06-08 18:02:26 | INFO     | 	> 入模变量数量为: 964
2026-06-08 18:02:28 | INFO     | 贝叶斯优化：共 10 轮迭代，搜索空间: ['n_estimators_idx', 'learning_rate_idx', 'max_depth_idx', 'min_child_samples_idx', 'subsample_idx', 'colsample_bytree_idx', 'reg_alpha_idx', 'reg_lambda_idx', 'max_bin_idx']

2026-06-08 18:02:28 | INFO     | 第 1 次贝叶斯目标优化
2026-06-08 18:03:17 | INFO     | ============================================================
2026-06-08 18:03:17 | INFO     | 参数配置:
2026-06-08 18:03:17 | INFO     |    n_estimators: 200
2026-06-08 18:03:17 | INFO     |    learning_rate: 0.2
2026-06-08 18:03:17 | INFO     |    max_depth: 5
2026-06-08 18:03:17 | INFO     |    min_child_samples: 50
2026-06-08 18:03:17 | INFO     |    subsample: 0.8
2026-06-08 18:03:17 | INFO     |    colsample_bytree: 0.7
2026-06-08 18:03:17 | INFO     |    reg_alpha: 0
2026-06-08 18:03:17 | INFO     |    reg_lambda: 10
2026-06-08 18:03:17 | INFO     |    max_bin: 250
2026-06-08 18:03:17 | INFO     | 模型表现:
2026-06-08 18:03:17 | WARNING  |    模型出现过拟合，惩罚得分: 0.1317
2026-06-08 18:03:17 | INFO     |    训练集 KS: 0.670   |  AUC: 0.919
2026-06-08 18:03:17 | INFO     |    测试集 KS: 0.271   |  AUC: 0.681
2026-06-08 18:03:17 | INFO     |    验证集 KS: 0.207   |  AUC: 0.636
2026-06-08 18:03:17 | INFO     |    train_test_psi: 0.0135
2026-06-08 18:03:17 | INFO     |    train_vldt_psi: 0.0164
2026-06-08 18:03:17 | INFO     |    train_test_vldt_psi: 0.0122
2026-06-08 18:03:17 | INFO     | ============================================================


2026-06-08 18:03:17 | INFO     | 第 2 次贝叶斯目标优化
2026-06-08 18:04:35 | INFO     | ============================================================
2026-06-08 18:04:35 | INFO     | 参数配置:
2026-06-08 18:04:35 | INFO     |    n_estimators: 200
2026-06-08 18:04:35 | INFO     |    learning_rate: 0.005
2026-06-08 18:04:35 | INFO     |    max_depth: 6
2026-06-08 18:04:35 | INFO     |    min_child_samples: 50
2026-06-08 18:04:35 | INFO     |    subsample: 0.8
2026-06-08 18:04:35 | INFO     |    colsample_bytree: 0.9
2026-06-08 18:04:35 | INFO     |    reg_alpha: 1
2026-06-08 18:04:35 | INFO     |    reg_lambda: 1
2026-06-08 18:04:35 | INFO     |    max_bin: 300
2026-06-08 18:04:35 | INFO     | 模型表现:
2026-06-08 18:04:35 | INFO     |    训练集 KS: 0.331   |  AUC: 0.724
2026-06-08 18:04:35 | INFO     |    测试集 KS: 0.300   |  AUC: 0.698
2026-06-08 18:04:35 | INFO     |    验证集 KS: 0.287   |  AUC: 0.682
2026-06-08 18:04:35 | INFO     |    train_test_psi: 0.0001
2026-06-08 18:04:35 | INFO     |    train_vldt_psi: 0.0003
2026-06-08 18:04:35 | INFO     |    train_test_vldt_psi: 0.0002
2026-06-08 18:04:35 | INFO     | ============================================================


2026-06-08 18:04:36 | INFO     | 第 3 次贝叶斯目标优化
2026-06-08 18:05:46 | INFO     | ============================================================
2026-06-08 18:05:46 | INFO     | 参数配置:
2026-06-08 18:05:46 | INFO     |    n_estimators: 200
2026-06-08 18:05:46 | INFO     |    learning_rate: 0.05
2026-06-08 18:05:46 | INFO     |    max_depth: 5
2026-06-08 18:05:46 | INFO     |    min_child_samples: 20
2026-06-08 18:05:46 | INFO     |    subsample: 0.8
2026-06-08 18:05:46 | INFO     |    colsample_bytree: 1.0
2026-06-08 18:05:46 | INFO     |    reg_alpha: 10
2026-06-08 18:05:46 | INFO     |    reg_lambda: 10
2026-06-08 18:05:46 | INFO     |    max_bin: 300
2026-06-08 18:05:46 | INFO     | 模型表现:
2026-06-08 18:05:46 | WARNING  |    模型出现过拟合，惩罚得分: 0.1605
2026-06-08 18:05:46 | INFO     |    训练集 KS: 0.443   |  AUC: 0.804
2026-06-08 18:05:46 | INFO     |    测试集 KS: 0.313   |  AUC: 0.704
2026-06-08 18:05:46 | INFO     |    验证集 KS: 0.263   |  AUC: 0.676
2026-06-08 18:05:46 | INFO     |    train_test_psi: 0.0009
2026-06-08 18:05:46 | INFO     |    train_vldt_psi: 0.0031
2026-06-08 18:05:46 | INFO     |    train_test_vldt_psi: 0.0026
2026-06-08 18:05:46 | INFO     | ============================================================


2026-06-08 18:05:47 | INFO     | 第 4 次贝叶斯目标优化
2026-06-08 18:07:04 | INFO     | ============================================================
2026-06-08 18:07:04 | INFO     | 参数配置:
2026-06-08 18:07:04 | INFO     |    n_estimators: 200
2026-06-08 18:07:04 | INFO     |    learning_rate: 0.005
2026-06-08 18:07:04 | INFO     |    max_depth: 6
2026-06-08 18:07:04 | INFO     |    min_child_samples: 50
2026-06-08 18:07:04 | INFO     |    subsample: 0.8
2026-06-08 18:07:04 | INFO     |    colsample_bytree: 0.9
2026-06-08 18:07:04 | INFO     |    reg_alpha: 1
2026-06-08 18:07:04 | INFO     |    reg_lambda: 1
2026-06-08 18:07:04 | INFO     |    max_bin: 300
2026-06-08 18:07:04 | INFO     | 模型表现:
2026-06-08 18:07:04 | INFO     |    训练集 KS: 0.331   |  AUC: 0.724
2026-06-08 18:07:04 | INFO     |    测试集 KS: 0.300   |  AUC: 0.698
2026-06-08 18:07:04 | INFO     |    验证集 KS: 0.287   |  AUC: 0.682
2026-06-08 18:07:04 | INFO     |    train_test_psi: 0.0001
2026-06-08 18:07:04 | INFO     |    train_vldt_psi: 0.0003
2026-06-08 18:07:04 | INFO     |    train_test_vldt_psi: 0.0002
2026-06-08 18:07:04 | INFO     | ============================================================


2026-06-08 18:07:04 | INFO     | 第 5 次贝叶斯目标优化
2026-06-08 18:07:57 | INFO     | ============================================================
2026-06-08 18:07:57 | INFO     | 参数配置:
2026-06-08 18:07:57 | INFO     |    n_estimators: 100
2026-06-08 18:07:57 | INFO     |    learning_rate: 0.005
2026-06-08 18:07:57 | INFO     |    max_depth: 7
2026-06-08 18:07:57 | INFO     |    min_child_samples: 150
2026-06-08 18:07:57 | INFO     |    subsample: 0.6
2026-06-08 18:07:57 | INFO     |    colsample_bytree: 1.0
2026-06-08 18:07:57 | INFO     |    reg_alpha: 0
2026-06-08 18:07:57 | INFO     |    reg_lambda: 0
2026-06-08 18:07:57 | INFO     |    max_bin: 300
2026-06-08 18:07:57 | INFO     | 模型表现:
2026-06-08 18:07:57 | INFO     |    训练集 KS: 0.305   |  AUC: 0.711
2026-06-08 18:07:57 | INFO     |    测试集 KS: 0.292   |  AUC: 0.692
2026-06-08 18:07:57 | INFO     |    验证集 KS: 0.278   |  AUC: 0.678
2026-06-08 18:07:57 | INFO     |    train_test_psi: 0.0000
2026-06-08 18:07:57 | INFO     |    train_vldt_psi: 0.0000
2026-06-08 18:07:57 | INFO     |    train_test_vldt_psi: 0.0000
2026-06-08 18:07:57 | INFO     | ============================================================


2026-06-08 18:07:57 | INFO     | 第 6 次贝叶斯目标优化
2026-06-08 18:10:24 | INFO     | ============================================================
2026-06-08 18:10:24 | INFO     | 参数配置:
2026-06-08 18:10:24 | INFO     |    n_estimators: 500
2026-06-08 18:10:24 | INFO     |    learning_rate: 0.005
2026-06-08 18:10:24 | INFO     |    max_depth: 7
2026-06-08 18:10:24 | INFO     |    min_child_samples: 200
2026-06-08 18:10:24 | INFO     |    subsample: 0.8
2026-06-08 18:10:24 | INFO     |    colsample_bytree: 0.7
2026-06-08 18:10:24 | INFO     |    reg_alpha: 0
2026-06-08 18:10:24 | INFO     |    reg_lambda: 0
2026-06-08 18:10:24 | INFO     |    max_bin: 300
2026-06-08 18:10:24 | INFO     | 模型表现:
2026-06-08 18:10:24 | WARNING  |    模型出现过拟合，惩罚得分: 0.1710
2026-06-08 18:10:24 | INFO     |    训练集 KS: 0.380   |  AUC: 0.758
2026-06-08 18:10:24 | INFO     |    测试集 KS: 0.307   |  AUC: 0.702
2026-06-08 18:10:24 | INFO     |    验证集 KS: 0.283   |  AUC: 0.681
2026-06-08 18:10:24 | INFO     |    train_test_psi: 0.0000
2026-06-08 18:10:24 | INFO     |    train_vldt_psi: 0.0021
2026-06-08 18:10:24 | INFO     |    train_test_vldt_psi: 0.0020
2026-06-08 18:10:24 | INFO     | ============================================================


2026-06-08 18:10:24 | INFO     | 第 7 次贝叶斯目标优化
2026-06-08 18:11:09 | INFO     | ============================================================
2026-06-08 18:11:09 | INFO     | 参数配置:
2026-06-08 18:11:09 | INFO     |    n_estimators: 100
2026-06-08 18:11:09 | INFO     |    learning_rate: 0.005
2026-06-08 18:11:09 | INFO     |    max_depth: 7
2026-06-08 18:11:09 | INFO     |    min_child_samples: 20
2026-06-08 18:11:09 | INFO     |    subsample: 0.6
2026-06-08 18:11:09 | INFO     |    colsample_bytree: 1.0
2026-06-08 18:11:09 | INFO     |    reg_alpha: 0
2026-06-08 18:11:09 | INFO     |    reg_lambda: 0
2026-06-08 18:11:09 | INFO     |    max_bin: 300
2026-06-08 18:11:09 | INFO     | 模型表现:
2026-06-08 18:11:09 | INFO     |    训练集 KS: 0.309   |  AUC: 0.713
2026-06-08 18:11:09 | INFO     |    测试集 KS: 0.295   |  AUC: 0.691
2026-06-08 18:11:09 | INFO     |    验证集 KS: 0.276   |  AUC: 0.676
2026-06-08 18:11:09 | INFO     |    train_test_psi: 0.0000
2026-06-08 18:11:09 | INFO     |    train_vldt_psi: 0.0000
2026-06-08 18:11:09 | INFO     |    train_test_vldt_psi: 0.0000
2026-06-08 18:11:09 | INFO     | ============================================================


2026-06-08 18:11:10 | INFO     | 第 8 次贝叶斯目标优化
2026-06-08 18:11:52 | INFO     | ============================================================
2026-06-08 18:11:52 | INFO     | 参数配置:
2026-06-08 18:11:52 | INFO     |    n_estimators: 100
2026-06-08 18:11:52 | INFO     |    learning_rate: 0.005
2026-06-08 18:11:52 | INFO     |    max_depth: 7
2026-06-08 18:11:52 | INFO     |    min_child_samples: 100
2026-06-08 18:11:52 | INFO     |    subsample: 0.6
2026-06-08 18:11:52 | INFO     |    colsample_bytree: 1.0
2026-06-08 18:11:52 | INFO     |    reg_alpha: 5
2026-06-08 18:11:52 | INFO     |    reg_lambda: 0
2026-06-08 18:11:52 | INFO     |    max_bin: 100
2026-06-08 18:11:52 | INFO     | 模型表现:
2026-06-08 18:11:52 | INFO     |    训练集 KS: 0.308   |  AUC: 0.710
2026-06-08 18:11:52 | INFO     |    测试集 KS: 0.294   |  AUC: 0.693
2026-06-08 18:11:52 | INFO     |    验证集 KS: 0.280   |  AUC: 0.678
2026-06-08 18:11:52 | INFO     |    train_test_psi: 0.0000
2026-06-08 18:11:52 | INFO     |    train_vldt_psi: 0.0000
2026-06-08 18:11:52 | INFO     |    train_test_vldt_psi: 0.0000
2026-06-08 18:11:52 | INFO     | ============================================================


2026-06-08 18:11:52 | INFO     | 第 9 次贝叶斯目标优化
2026-06-08 18:12:33 | INFO     | ============================================================
2026-06-08 18:12:33 | INFO     | 参数配置:
2026-06-08 18:12:33 | INFO     |    n_estimators: 100
2026-06-08 18:12:33 | INFO     |    learning_rate: 0.005
2026-06-08 18:12:33 | INFO     |    max_depth: 7
2026-06-08 18:12:33 | INFO     |    min_child_samples: 100
2026-06-08 18:12:33 | INFO     |    subsample: 0.6
2026-06-08 18:12:33 | INFO     |    colsample_bytree: 0.8
2026-06-08 18:12:33 | INFO     |    reg_alpha: 20
2026-06-08 18:12:33 | INFO     |    reg_lambda: 0
2026-06-08 18:12:33 | INFO     |    max_bin: 300
2026-06-08 18:12:33 | INFO     | 模型表现:
2026-06-08 18:12:33 | INFO     |    训练集 KS: 0.311   |  AUC: 0.709
2026-06-08 18:12:33 | INFO     |    测试集 KS: 0.297   |  AUC: 0.694
2026-06-08 18:12:33 | INFO     |    验证集 KS: 0.276   |  AUC: 0.676
2026-06-08 18:12:33 | INFO     |    train_test_psi: 0.0000
2026-06-08 18:12:33 | INFO     |    train_vldt_psi: 0.0000
2026-06-08 18:12:33 | INFO     |    train_test_vldt_psi: 0.0000
2026-06-08 18:12:33 | INFO     | ============================================================


2026-06-08 18:12:34 | INFO     | 第 10 次贝叶斯目标优化
2026-06-08 18:13:01 | INFO     | ============================================================
2026-06-08 18:13:01 | INFO     | 参数配置:
2026-06-08 18:13:01 | INFO     |    n_estimators: 100
2026-06-08 18:13:01 | INFO     |    learning_rate: 0.005
2026-06-08 18:13:01 | INFO     |    max_depth: 3
2026-06-08 18:13:01 | INFO     |    min_child_samples: 200
2026-06-08 18:13:01 | INFO     |    subsample: 0.6
2026-06-08 18:13:01 | INFO     |    colsample_bytree: 1.0
2026-06-08 18:13:01 | INFO     |    reg_alpha: 20
2026-06-08 18:13:01 | INFO     |    reg_lambda: 0
2026-06-08 18:13:01 | INFO     |    max_bin: 100
2026-06-08 18:13:01 | INFO     | 模型表现:
2026-06-08 18:13:01 | INFO     |    训练集 KS: 0.284   |  AUC: 0.686
2026-06-08 18:13:01 | INFO     |    测试集 KS: 0.294   |  AUC: 0.688
2026-06-08 18:13:01 | INFO     |    验证集 KS: 0.279   |  AUC: 0.675
2026-06-08 18:13:01 | INFO     |    train_test_psi: 0.0000
2026-06-08 18:13:01 | INFO     |    train_vldt_psi: 0.0000
2026-06-08 18:13:01 | INFO     |    train_test_vldt_psi: 0.0000
2026-06-08 18:13:01 | INFO     | ============================================================


2026-06-08 18:13:01 | INFO     | 贝叶斯优化完成，最优模型 [0]:
2026-06-08 18:13:01 | INFO     | 	> 目标最优得分: 0.3167
2026-06-08 18:13:01 | INFO     | 	> 最终训练集 KS: 0.331
2026-06-08 18:13:01 | INFO     | 	> 最终测试集 KS: 0.300
2026-06-08 18:13:01 | INFO     | 	> 最终验证集 KS: 0.287
2026-06-08 18:13:01 | INFO     | 模型训练完成!
2026-06-09 09:27:53 | INFO     | 开始模型训练
2026-06-09 09:27:53 | INFO     | 	> 模型名称: lgb
2026-06-09 09:27:53 | INFO     | 	> 模型调参方式: bys
2026-06-09 09:27:53 | INFO     | 	> 模型参数范围为: {'n_estimators': [100, 200, 300, 400, 500], 'learning_rate': [0.005, 0.01, 0.05, 0.1, 0.2], 'max_depth': [3, 4, 5, 6, 7], 'min_child_samples': [20, 50, 100, 150, 200], 'subsample': [0.6, 0.7, 0.8, 0.9, 1.0], 'colsample_bytree': [0.6, 0.7, 0.8, 0.9, 1.0], 'reg_alpha': [0, 1, 5, 10, 20], 'reg_lambda': [0, 1, 5, 10], 'max_bin': [100, 150, 200, 250, 300]}
2026-06-09 09:27:53 | INFO     | 	> 入模变量数量为: 141
2026-06-09 09:27:54 | INFO     | 贝叶斯优化：共 10 轮迭代，搜索空间: ['n_estimators_idx', 'learning_rate_idx', 'max_depth_idx', 'min_child_samples_idx', 'subsample_idx', 'colsample_bytree_idx', 'reg_alpha_idx', 'reg_lambda_idx', 'max_bin_idx']

2026-06-09 09:27:54 | INFO     | 第 1 次贝叶斯目标优化
2026-06-09 09:28:02 | INFO     | ============================================================
2026-06-09 09:28:02 | INFO     | 参数配置:
2026-06-09 09:28:02 | INFO     |    n_estimators: 200
2026-06-09 09:28:02 | INFO     |    learning_rate: 0.2
2026-06-09 09:28:02 | INFO     |    max_depth: 5
2026-06-09 09:28:02 | INFO     |    min_child_samples: 50
2026-06-09 09:28:02 | INFO     |    subsample: 0.8
2026-06-09 09:28:02 | INFO     |    colsample_bytree: 0.7
2026-06-09 09:28:02 | INFO     |    reg_alpha: 0
2026-06-09 09:28:02 | INFO     |    reg_lambda: 10
2026-06-09 09:28:02 | INFO     |    max_bin: 250
2026-06-09 09:28:02 | INFO     | 模型表现:
2026-06-09 09:28:02 | WARNING  |    模型出现过拟合，惩罚得分: 0.1406
2026-06-09 09:28:02 | INFO     |    训练集 KS: 0.617   |  AUC: 0.893
2026-06-09 09:28:02 | INFO     |    测试集 KS: 0.283   |  AUC: 0.687
2026-06-09 09:28:02 | INFO     |    验证集 KS: 0.224   |  AUC: 0.644
2026-06-09 09:28:02 | INFO     |    train_test_psi: 0.0062
2026-06-09 09:28:02 | INFO     |    train_vldt_psi: 0.0105
2026-06-09 09:28:02 | INFO     |    train_test_vldt_psi: 0.0082
2026-06-09 09:28:02 | INFO     | ============================================================


2026-06-09 09:28:02 | INFO     | 第 2 次贝叶斯目标优化
2026-06-09 09:28:19 | INFO     | ============================================================
2026-06-09 09:28:19 | INFO     | 参数配置:
2026-06-09 09:28:19 | INFO     |    n_estimators: 200
2026-06-09 09:28:19 | INFO     |    learning_rate: 0.005
2026-06-09 09:28:19 | INFO     |    max_depth: 6
2026-06-09 09:28:19 | INFO     |    min_child_samples: 50
2026-06-09 09:28:19 | INFO     |    subsample: 0.8
2026-06-09 09:28:19 | INFO     |    colsample_bytree: 0.9
2026-06-09 09:28:19 | INFO     |    reg_alpha: 1
2026-06-09 09:28:19 | INFO     |    reg_lambda: 1
2026-06-09 09:28:19 | INFO     |    max_bin: 300
2026-06-09 09:28:19 | INFO     | 模型表现:
2026-06-09 09:28:19 | INFO     |    训练集 KS: 0.329   |  AUC: 0.721
2026-06-09 09:28:19 | INFO     |    测试集 KS: 0.299   |  AUC: 0.697
2026-06-09 09:28:19 | INFO     |    验证集 KS: 0.282   |  AUC: 0.680
2026-06-09 09:28:19 | INFO     |    train_test_psi: 0.0001
2026-06-09 09:28:19 | INFO     |    train_vldt_psi: 0.0005
2026-06-09 09:28:19 | INFO     |    train_test_vldt_psi: 0.0005
2026-06-09 09:28:19 | INFO     | ============================================================


2026-06-09 09:28:19 | INFO     | 第 3 次贝叶斯目标优化
2026-06-09 09:28:32 | INFO     | ============================================================
2026-06-09 09:28:32 | INFO     | 参数配置:
2026-06-09 09:28:32 | INFO     |    n_estimators: 200
2026-06-09 09:28:32 | INFO     |    learning_rate: 0.05
2026-06-09 09:28:32 | INFO     |    max_depth: 5
2026-06-09 09:28:32 | INFO     |    min_child_samples: 20
2026-06-09 09:28:32 | INFO     |    subsample: 0.8
2026-06-09 09:28:32 | INFO     |    colsample_bytree: 1.0
2026-06-09 09:28:32 | INFO     |    reg_alpha: 10
2026-06-09 09:28:32 | INFO     |    reg_lambda: 10
2026-06-09 09:28:32 | INFO     |    max_bin: 300
2026-06-09 09:28:32 | INFO     | 模型表现:
2026-06-09 09:28:32 | WARNING  |    模型出现过拟合，惩罚得分: 0.1580
2026-06-09 09:28:32 | INFO     |    训练集 KS: 0.417   |  AUC: 0.784
2026-06-09 09:28:32 | INFO     |    测试集 KS: 0.306   |  AUC: 0.702
2026-06-09 09:28:32 | INFO     |    验证集 KS: 0.258   |  AUC: 0.670
2026-06-09 09:28:32 | INFO     |    train_test_psi: 0.0002
2026-06-09 09:28:32 | INFO     |    train_vldt_psi: 0.0016
2026-06-09 09:28:32 | INFO     |    train_test_vldt_psi: 0.0015
2026-06-09 09:28:32 | INFO     | ============================================================


2026-06-09 09:28:33 | INFO     | 第 4 次贝叶斯目标优化
2026-06-09 09:28:40 | INFO     | ============================================================
2026-06-09 09:28:40 | INFO     | 参数配置:
2026-06-09 09:28:40 | INFO     |    n_estimators: 300
2026-06-09 09:28:40 | INFO     |    learning_rate: 0.1
2026-06-09 09:28:40 | INFO     |    max_depth: 3
2026-06-09 09:28:40 | INFO     |    min_child_samples: 50
2026-06-09 09:28:40 | INFO     |    subsample: 0.7
2026-06-09 09:28:40 | INFO     |    colsample_bytree: 0.9
2026-06-09 09:28:40 | INFO     |    reg_alpha: 0
2026-06-09 09:28:40 | INFO     |    reg_lambda: 10
2026-06-09 09:28:40 | INFO     |    max_bin: 250
2026-06-09 09:28:40 | INFO     | 模型表现:
2026-06-09 09:28:40 | WARNING  |    模型出现过拟合，惩罚得分: 0.1598
2026-06-09 09:28:40 | INFO     |    训练集 KS: 0.382   |  AUC: 0.762
2026-06-09 09:28:40 | INFO     |    测试集 KS: 0.298   |  AUC: 0.700
2026-06-09 09:28:40 | INFO     |    验证集 KS: 0.261   |  AUC: 0.670
2026-06-09 09:28:40 | INFO     |    train_test_psi: 0.0001
2026-06-09 09:28:40 | INFO     |    train_vldt_psi: 0.0011
2026-06-09 09:28:40 | INFO     |    train_test_vldt_psi: 0.0010
2026-06-09 09:28:40 | INFO     | ============================================================


2026-06-09 09:28:41 | INFO     | 第 5 次贝叶斯目标优化
2026-06-09 09:28:55 | INFO     | ============================================================
2026-06-09 09:28:55 | INFO     | 参数配置:
2026-06-09 09:28:55 | INFO     |    n_estimators: 200
2026-06-09 09:28:55 | INFO     |    learning_rate: 0.005
2026-06-09 09:28:55 | INFO     |    max_depth: 7
2026-06-09 09:28:55 | INFO     |    min_child_samples: 50
2026-06-09 09:28:55 | INFO     |    subsample: 0.8
2026-06-09 09:28:55 | INFO     |    colsample_bytree: 0.9
2026-06-09 09:28:55 | INFO     |    reg_alpha: 0
2026-06-09 09:28:55 | INFO     |    reg_lambda: 0
2026-06-09 09:28:55 | INFO     |    max_bin: 300
2026-06-09 09:28:55 | INFO     | 模型表现:
2026-06-09 09:28:55 | INFO     |    训练集 KS: 0.327   |  AUC: 0.723
2026-06-09 09:28:55 | INFO     |    测试集 KS: 0.300   |  AUC: 0.696
2026-06-09 09:28:55 | INFO     |    验证集 KS: 0.284   |  AUC: 0.680
2026-06-09 09:28:55 | INFO     |    train_test_psi: 0.0002
2026-06-09 09:28:55 | INFO     |    train_vldt_psi: 0.0011
2026-06-09 09:28:55 | INFO     |    train_test_vldt_psi: 0.0010
2026-06-09 09:28:55 | INFO     | ============================================================


2026-06-09 09:28:55 | INFO     | 第 6 次贝叶斯目标优化
2026-06-09 09:29:03 | INFO     | ============================================================
2026-06-09 09:29:03 | INFO     | 参数配置:
2026-06-09 09:29:03 | INFO     |    n_estimators: 100
2026-06-09 09:29:03 | INFO     |    learning_rate: 0.005
2026-06-09 09:29:03 | INFO     |    max_depth: 7
2026-06-09 09:29:03 | INFO     |    min_child_samples: 200
2026-06-09 09:29:03 | INFO     |    subsample: 0.7
2026-06-09 09:29:03 | INFO     |    colsample_bytree: 0.8
2026-06-09 09:29:03 | INFO     |    reg_alpha: 10
2026-06-09 09:29:03 | INFO     |    reg_lambda: 0
2026-06-09 09:29:03 | INFO     |    max_bin: 300
2026-06-09 09:29:03 | INFO     | 模型表现:
2026-06-09 09:29:03 | INFO     |    训练集 KS: 0.305   |  AUC: 0.708
2026-06-09 09:29:03 | INFO     |    测试集 KS: 0.297   |  AUC: 0.695
2026-06-09 09:29:03 | INFO     |    验证集 KS: 0.279   |  AUC: 0.678
2026-06-09 09:29:03 | INFO     |    train_test_psi: 0.0000
2026-06-09 09:29:03 | INFO     |    train_vldt_psi: 0.0000
2026-06-09 09:29:03 | INFO     |    train_test_vldt_psi: 0.0000
2026-06-09 09:29:03 | INFO     | ============================================================


2026-06-09 09:29:03 | INFO     | 第 7 次贝叶斯目标优化
2026-06-09 09:29:30 | INFO     | ============================================================
2026-06-09 09:29:30 | INFO     | 参数配置:
2026-06-09 09:29:30 | INFO     |    n_estimators: 500
2026-06-09 09:29:30 | INFO     |    learning_rate: 0.005
2026-06-09 09:29:30 | INFO     |    max_depth: 7
2026-06-09 09:29:30 | INFO     |    min_child_samples: 200
2026-06-09 09:29:30 | INFO     |    subsample: 1.0
2026-06-09 09:29:30 | INFO     |    colsample_bytree: 0.7
2026-06-09 09:29:30 | INFO     |    reg_alpha: 1
2026-06-09 09:29:30 | INFO     |    reg_lambda: 0
2026-06-09 09:29:30 | INFO     |    max_bin: 300
2026-06-09 09:29:30 | INFO     | 模型表现:
2026-06-09 09:29:30 | WARNING  |    模型出现过拟合，惩罚得分: 0.1695
2026-06-09 09:29:30 | INFO     |    训练集 KS: 0.362   |  AUC: 0.747
2026-06-09 09:29:30 | INFO     |    测试集 KS: 0.307   |  AUC: 0.701
2026-06-09 09:29:30 | INFO     |    验证集 KS: 0.280   |  AUC: 0.681
2026-06-09 09:29:30 | INFO     |    train_test_psi: 0.0000
2026-06-09 09:29:30 | INFO     |    train_vldt_psi: 0.0025
2026-06-09 09:29:30 | INFO     |    train_test_vldt_psi: 0.0025
2026-06-09 09:29:30 | INFO     | ============================================================


2026-06-09 09:29:31 | INFO     | 第 8 次贝叶斯目标优化
2026-06-09 09:29:38 | INFO     | ============================================================
2026-06-09 09:29:38 | INFO     | 参数配置:
2026-06-09 09:29:38 | INFO     |    n_estimators: 100
2026-06-09 09:29:38 | INFO     |    learning_rate: 0.005
2026-06-09 09:29:38 | INFO     |    max_depth: 7
2026-06-09 09:29:38 | INFO     |    min_child_samples: 20
2026-06-09 09:29:38 | INFO     |    subsample: 0.6
2026-06-09 09:29:38 | INFO     |    colsample_bytree: 0.7
2026-06-09 09:29:38 | INFO     |    reg_alpha: 10
2026-06-09 09:29:38 | INFO     |    reg_lambda: 0
2026-06-09 09:29:38 | INFO     |    max_bin: 300
2026-06-09 09:29:38 | INFO     | 模型表现:
2026-06-09 09:29:38 | INFO     |    训练集 KS: 0.306   |  AUC: 0.708
2026-06-09 09:29:38 | INFO     |    测试集 KS: 0.299   |  AUC: 0.696
2026-06-09 09:29:38 | INFO     |    验证集 KS: 0.280   |  AUC: 0.678
2026-06-09 09:29:38 | INFO     |    train_test_psi: 0.0000
2026-06-09 09:29:38 | INFO     |    train_vldt_psi: 0.0000
2026-06-09 09:29:38 | INFO     |    train_test_vldt_psi: 0.0000
2026-06-09 09:29:38 | INFO     | ============================================================


2026-06-09 09:29:39 | INFO     | 第 9 次贝叶斯目标优化
2026-06-09 09:29:48 | INFO     | ============================================================
2026-06-09 09:29:48 | INFO     | 参数配置:
2026-06-09 09:29:48 | INFO     |    n_estimators: 100
2026-06-09 09:29:48 | INFO     |    learning_rate: 0.005
2026-06-09 09:29:48 | INFO     |    max_depth: 7
2026-06-09 09:29:48 | INFO     |    min_child_samples: 100
2026-06-09 09:29:48 | INFO     |    subsample: 0.6
2026-06-09 09:29:48 | INFO     |    colsample_bytree: 1.0
2026-06-09 09:29:48 | INFO     |    reg_alpha: 5
2026-06-09 09:29:48 | INFO     |    reg_lambda: 0
2026-06-09 09:29:48 | INFO     |    max_bin: 150
2026-06-09 09:29:48 | INFO     | 模型表现:
2026-06-09 09:29:48 | INFO     |    训练集 KS: 0.307   |  AUC: 0.709
2026-06-09 09:29:48 | INFO     |    测试集 KS: 0.296   |  AUC: 0.693
2026-06-09 09:29:48 | INFO     |    验证集 KS: 0.280   |  AUC: 0.678
2026-06-09 09:29:48 | INFO     |    train_test_psi: 0.0000
2026-06-09 09:29:48 | INFO     |    train_vldt_psi: 0.0000
2026-06-09 09:29:48 | INFO     |    train_test_vldt_psi: 0.0000
2026-06-09 09:29:48 | INFO     | ============================================================


2026-06-09 09:29:48 | INFO     | 第 10 次贝叶斯目标优化
2026-06-09 09:29:55 | INFO     | ============================================================
2026-06-09 09:29:55 | INFO     | 参数配置:
2026-06-09 09:29:55 | INFO     |    n_estimators: 100
2026-06-09 09:29:55 | INFO     |    learning_rate: 0.005
2026-06-09 09:29:55 | INFO     |    max_depth: 7
2026-06-09 09:29:55 | INFO     |    min_child_samples: 200
2026-06-09 09:29:55 | INFO     |    subsample: 0.6
2026-06-09 09:29:55 | INFO     |    colsample_bytree: 0.6
2026-06-09 09:29:55 | INFO     |    reg_alpha: 20
2026-06-09 09:29:55 | INFO     |    reg_lambda: 0
2026-06-09 09:29:55 | INFO     |    max_bin: 100
2026-06-09 09:29:55 | INFO     | 模型表现:
2026-06-09 09:29:55 | INFO     |    训练集 KS: 0.307   |  AUC: 0.705
2026-06-09 09:29:55 | INFO     |    测试集 KS: 0.301   |  AUC: 0.695
2026-06-09 09:29:55 | INFO     |    验证集 KS: 0.280   |  AUC: 0.677
2026-06-09 09:29:55 | INFO     |    train_test_psi: 0.0000
2026-06-09 09:29:55 | INFO     |    train_vldt_psi: 0.0000
2026-06-09 09:29:55 | INFO     |    train_test_vldt_psi: 0.0000
2026-06-09 09:29:55 | INFO     | ============================================================


2026-06-09 09:29:55 | INFO     | 贝叶斯优化完成，最优模型 [0]:
2026-06-09 09:29:55 | INFO     | 	> 目标最优得分: 0.3137
2026-06-09 09:29:55 | INFO     | 	> 最终训练集 KS: 0.327
2026-06-09 09:29:55 | INFO     | 	> 最终测试集 KS: 0.300
2026-06-09 09:29:55 | INFO     | 	> 最终验证集 KS: 0.284
2026-06-09 09:29:55 | INFO     | 模型训练完成!
2026-06-09 09:30:25 | INFO     | 开始模型训练
2026-06-09 09:30:25 | INFO     | 	> 模型名称: lgb
2026-06-09 09:30:25 | INFO     | 	> 模型调参方式: default
2026-06-09 09:30:25 | INFO     | 	> 模型参数范围为: {'n_estimators': 200, 'learning_rate': 0.005, 'max_depth': 7, 'min_child_samples': 50, 'subsample': 0.8, 'colsample_bytree': 0.9, 'reg_alpha': 0, 'reg_lambda': 0, 'max_bin': 300}
2026-06-09 09:30:25 | INFO     | 	> 入模变量数量为: 141
2026-06-09 09:30:42 | INFO     | ============================================================
2026-06-09 09:30:42 | INFO     | 参数配置:
2026-06-09 09:30:42 | INFO     |    n_estimators: 200
2026-06-09 09:30:42 | INFO     |    learning_rate: 0.005
2026-06-09 09:30:42 | INFO     |    max_depth: 7
2026-06-09 09:30:42 | INFO     |    min_child_samples: 50
2026-06-09 09:30:42 | INFO     |    subsample: 0.8
2026-06-09 09:30:42 | INFO     |    colsample_bytree: 0.9
2026-06-09 09:30:42 | INFO     |    reg_alpha: 0
2026-06-09 09:30:42 | INFO     |    reg_lambda: 0
2026-06-09 09:30:42 | INFO     |    max_bin: 300
2026-06-09 09:30:42 | INFO     | 模型表现:
2026-06-09 09:30:42 | INFO     |    训练集 KS: 0.327   |  AUC: 0.723
2026-06-09 09:30:42 | INFO     |    测试集 KS: 0.300   |  AUC: 0.696
2026-06-09 09:30:42 | INFO     |    验证集 KS: 0.284   |  AUC: 0.680
2026-06-09 09:30:42 | INFO     |    train_test_psi: 0.0002
2026-06-09 09:30:42 | INFO     |    train_vldt_psi: 0.0011
2026-06-09 09:30:42 | INFO     |    train_test_vldt_psi: 0.0010
2026-06-09 09:30:42 | INFO     | ============================================================


2026-06-09 09:30:42 | INFO     | 模型训练完成!
